// Jest Snapshot v1, https://jestjs.io/docs/snapshot-testing

exports[`displayPlan should show automatically fixable plans correctly 1`] = `
[
  [
    "[90m  ✓ evaluated practice:prettier[39m",
  ],
  [
    "  * [1m[1m[33m[FIX_AUTOMATIC][39m[1m .prettierignore[22m",
  ],
  [
    "    [33m✕[39m practice:prettier.best-practice [90m(fix:appliable)[39m",
  ],
  [
    "      [32m- Expected toEqual[39m
      [31m+ Received[39m

      [32m- *.md[39m
      [31m+ .js[39m
",
    "
",
  ],
]
`;

exports[`displayPlan should show failing bad practice correctly 1`] = `
[
  [
    "[90m  ✓ evaluated practice:dates-and-times[39m",
  ],
  [
    "  * [1m[1m[31m[FIX_MANUAL][39m[1m package.json[22m",
  ],
  [
    "    [31m✕[39m practice:dates-and-times.bad-practice.moment ",
  ],
]
`;

exports[`displayPlan should show failing multiple practices on the same file correctly 1`] = `
[
  [
    "[90m  ✓ evaluated practice:prettier[39m",
  ],
  [
    "[90m  ✓ evaluated practice:dates-and-times[39m",
  ],
  [
    "  * [1m[1m[31m[FIX_MANUAL][39m[1m package.json[22m",
  ],
  [
    "    [31m✕[39m practice:dates-and-times.bad-practice.moment ",
  ],
  [
    "    [33m✕[39m practice:prettier.best-practice [90m(fix:appliable)[39m",
  ],
  [
    "      [32m- Expected toContain[39m
      [31m+ Received relevantKeys[39m

      [32m- {[39m
      [32m-   "devDependencies": {[39m
      [32m-     "prettier": "@declapract{check.minVersion('2.0.0')}"[39m
      [32m-   },[39m
      [32m-   "scripts": {[39m
      [32m-     "format": "prettier --write '**/*.ts' --config ./prettier.config.js"[39m
      [32m-   }[39m
      [32m- }[39m
      [31m+ {}[39m",
    "
",
  ],
]
`;

exports[`displayPlan should show manually fixable plans correctly 1`] = `
[
  [
    "[90m  ✓ evaluated practice:dates-and-times[39m",
  ],
  [
    "  * [1m[1m[31m[FIX_MANUAL][39m[1m package.json[22m",
  ],
  [
    "    [31m✕[39m practice:dates-and-times.best-practice ",
  ],
  [
    "      [2mexpect([22m[31mreceived[39m[2m).[22mtoEqual[2m([22m[32mexpected[39m[2m) // deep equality[22m

      [32m- Expected  - 3[39m
      [31m+ Received  + 6[39m

      [32m- ObjectContaining {[39m
      [32m-   "dependencies": ObjectContaining {[39m
      [32m-     "date-fns": Any<String>,[39m
      [31m+ Object {[39m
      [31m+   "devDependencies": Object {[39m
      [31m+     "prettier": "8.21.0",[39m
      [31m+   },[39m
      [31m+   "scripts": Object {[39m
      [31m+     "format": "prettier --write '**/*.ts' --config ./prettier.config.js",[39m
      [2m    },[22m
      [2m  }[22m",
    "
",
  ],
]
`;

exports[`displayPlan should show no change plans correctly 1`] = `
[
  "[90m  ✓ evaluated practice:prettier[39m",
]
`;
