// Jest Snapshot v1, https://jestjs.io/docs/snapshot-testing

exports[`apply should be able to apply for an example project 1`] = `
[
  [
    "    ✓ practice:npmrc.best-practice (fix:applied)",
  ],
  [
    "    ✓ practice:prettier.best-practice (fix:applied)",
  ],
  [
    "    ✓ practice:prettier.best-practice (fix:applied)",
  ],
  [
    "    ✓ practice:prettier.best-practice (fix:applied)",
  ],
  [
    "    ✓ practice:serverless.best-practice (fix:applied)",
  ],
  [
    "    ✓ practice:terraform.best-practice (fix:applied)",
  ],
  [
    "    ✓ practice:terraform.best-practice (fix:applied)",
  ],
  [
    "    ✓ practice:terraform.best-practice (fix:applied)",
  ],
  [
    "    ✓ practice:terraform.best-practice (fix:applied)",
  ],
  [
    "    ✓ practice:terraform.best-practice (fix:applied)",
  ],
  [
    "    ✓ practice:terraform.best-practice (fix:applied)",
  ],
  [
    "  * [FIX_AUTOMATIC] .npmrc",
  ],
  [
    "  * [FIX_AUTOMATIC] .prettierignore",
  ],
  [
    "  * [FIX_AUTOMATIC] .terraform-version",
  ],
  [
    "  * [FIX_AUTOMATIC] package.json",
  ],
  [
    "  * [FIX_AUTOMATIC] prettier.config.js",
  ],
  [
    "  * [FIX_AUTOMATIC] provision/terraform/environments/dev/main.tf",
  ],
  [
    "  * [FIX_AUTOMATIC] provision/terraform/environments/dev/versions.tf",
  ],
  [
    "  * [FIX_AUTOMATIC] provision/terraform/environments/prod/main.tf",
  ],
  [
    "  * [FIX_AUTOMATIC] provision/terraform/environments/prod/versions.tf",
  ],
  [
    "  * [FIX_AUTOMATIC] provision/terraform/product/variables.tf",
  ],
  [
    "  * [FIX_AUTOMATIC] serverless.yml",
  ],
  [
    "  ✓ evaluated practice:dates-and-times",
  ],
  [
    "  ✓ evaluated practice:npmrc",
  ],
  [
    "  ✓ evaluated practice:prettier",
  ],
  [
    "  ✓ evaluated practice:serverless",
  ],
  [
    "  ✓ evaluated practice:terraform",
  ],
  [
    "  ✓ evaluated practice:util-sleep",
  ],
  [
    "🔎 reading configs and declarations...",
  ],
  [
    "🔧 applying fixes...",
  ],
  [
    "🔬️ evaluating project...",
  ],
]
`;
