// Jest Snapshot v1, https://jestjs.io/docs/snapshot-testing

exports[`apply should be able to apply for an example project 1`] = `
[
  [
    "🔎 reading configs and declarations...",
  ],
  [
    "🔬️ evaluating project...",
  ],
  [
    "[90m  ✓ evaluated practice:util-sleep[39m",
  ],
  [
    "[90m  ✓ evaluated practice:serverless[39m",
  ],
  [
    "[90m  ✓ evaluated practice:terraform[39m",
  ],
  [
    "[90m  ✓ evaluated practice:npmrc[39m",
  ],
  [
    "[90m  ✓ evaluated practice:prettier[39m",
  ],
  [
    "[90m  ✓ evaluated practice:dates-and-times[39m",
  ],
  [
    "🔧 applying fixes...",
  ],
]
`;
